<html>
<body>
<pre>
<h1>µVision Build Log</h1>
<h2>Tool Versions:</h2>
IDE-Version: µVision V5.42.0.0
Copyright (C) 2025 ARM Ltd and ARM Germany GmbH. All rights reserved.
License Information: zangar adm-sitlp, esiee, LIC=----
 
Tool Versions:
Toolchain:       MDK-Lite  Version: 5.42.0.0
Toolchain Path:  C:\Keil_v5\ARM\ARMCLANG\Bin
C Compiler:      ArmClang.exe V6.23
Assembler:       Armasm.exe V6.23
Linker/Locator:  ArmLink.exe V6.23
Library Manager: ArmAr.exe V6.23
Hex Converter:   FromElf.exe V6.23
CPU DLL:         SARMCM3.DLL V5.42.0.0
Dialog DLL:      DCM.DLL V1.17.5.0
Target DLL:      lmidk-agdi.dll V???
Dialog DLL:      TCM.DLL V1.56.6.0
 
<h2>Project:</h2>
C:\Users\rekkaba\Desktop\EvalbotProject\EvalBotProject.uvprojx
Project File Date:  12/10/2025

<h2>Output:</h2>
*** Using Compiler 'V6.23', folder: 'C:\Keil_v5\ARM\ARMCLANG\Bin'
Build target 'Exo2'
Validate Run Time Environment: errors/warnings detected:
'Keil::Device:Startup@1.0.0': warning #515: Additional software components required
 require CMSIS:CORE: Select component from list
    'ARM::CMSIS:CORE'
assembling Exo2.s...
linking...
Program Size: Code=784 RO-data=0 RW-data=0 ZI-data=256  
".\Objects\EvalBotProject.axf" - 0 Error(s), 0 Warning(s).

<h2>Software Packages used:</h2>

Package Vendor: Keil
                http://www.keil.com/pack/Keil.LM3S_DFP.1.1.0.pack
                Keil::LM3S_DFP@1.1.0
                Texas Instruments LM3S Series Device Support
   * Component: Startup Version: 1.0.0

<h2>Collection of Component include folders:</h2>
  ./RTE/_Exo2
  C:/Keil_v5/ARM/Packs/Keil/LM3S_DFP/1.1.0/Device/Include

<h2>Collection of Component Files used:</h2>

   * Component: Keil::Device:Startup@1.0.0
      Source file:   Device/Source/ARM/Startup.s
Build Time Elapsed:  00:00:01
</pre>
</body>
</html>
