Component: Arm Compiler for Embedded 6.19 Tool: armlink [5e73cb00]

==============================================================================

Section Cross References

    rk_priseenmain_moteurs.o(.text) refers (Special) to rk_config_io.o(.text) for LED1_OFF
    rk_priseenmain_moteurs.o(.text) refers to rk_config_moteur.o(.text) for MOTEUR_INIT
    rk_priseenmain_moteurs.o(.text) refers to rk_memory.o(.text) for MEMORY_INIT
    rk_memory.o(.text) refers to rk_memory.o(.data) for move_count
    startup.o(RESET) refers to startup.o(STACK) for StackMem
    startup.o(RESET) refers to rk_priseenmain_moteurs.o(.text) for __main


==============================================================================

Removing Unused input sections from the image.

    Removing startup.o(HEAP), (0 bytes).
    Removing startup.o(.text), (0 bytes).

2 unused section(s) (total 0 bytes) removed from the image.

==============================================================================

Image Symbol Table

    Local Symbols

    Symbol Name                              Value     Ov Type        Size  Object(Section)

    RK_Config_IO.s                           0x00000000   Number         0  rk_config_io.o ABSOLUTE
    RK_Config_Moteur.s                       0x00000000   Number         0  rk_config_moteur.o ABSOLUTE
    RK_Memory.s                              0x00000000   Number         0  rk_memory.o ABSOLUTE
    RK_PriseEnMain_Moteurs.s                 0x00000000   Number         0  rk_priseenmain_moteurs.o ABSOLUTE
    RTE/Device/LM3S1968/Startup.s            0x00000000   Number         0  startup.o ABSOLUTE
    RESET                                    0x00000000   Section      632  startup.o(RESET)
    NmiSR                                    0x00000271   Thumb Code     0  startup.o(RESET)
    FaultISR                                 0x00000273   Thumb Code     0  startup.o(RESET)
    IntDefaultHandler                        0x00000275   Thumb Code     0  startup.o(RESET)
    .text                                    0x00000278   Section      484  rk_config_moteur.o(.text)
    .text                                    0x0000045c   Section      688  rk_priseenmain_moteurs.o(.text)
    .text                                    0x0000070c   Section      332  rk_config_io.o(.text)
    .text                                    0x00000858   Section      188  rk_memory.o(.text)
    .data                                    0x20000000   Section        4  rk_memory.o(.data)
    StackMem                                 0x20000008   Data           0  startup.o(STACK)
    STACK                                    0x20000008   Section      256  startup.o(STACK)

    Global Symbols

    Symbol Name                              Value     Ov Type        Size  Object(Section)

    BuildAttributes$$THM_ISAv4$P$D$K$B$S$A:L22UL41UL21$X:L11$S22US41US21$IEEE1$~IW$USESV6$~STKCKD$USESV7$~SHL$OSPACE$EBA8$MICROLIB$EABIv2 0x00000000   Number         0  anon$$obj.o ABSOLUTE
    __Vectors                                0x00000000   Data           0  startup.o(RESET)
    Reset_Handler                            0x0000026d   Thumb Code     0  startup.o(RESET)
    MOTEUR_INIT                              0x00000279   Thumb Code     0  rk_config_moteur.o(.text)
    MOTEUR_DROIT_ON                          0x0000037d   Thumb Code     0  rk_config_moteur.o(.text)
    MOTEUR_DROIT_OFF                         0x00000389   Thumb Code     0  rk_config_moteur.o(.text)
    MOTEUR_GAUCHE_ON                         0x00000395   Thumb Code     0  rk_config_moteur.o(.text)
    MOTEUR_GAUCHE_OFF                        0x000003a1   Thumb Code     0  rk_config_moteur.o(.text)
    MOTEUR_DROIT_ARRIERE                     0x000003ad   Thumb Code     0  rk_config_moteur.o(.text)
    MOTEUR_DROIT_AVANT                       0x000003b7   Thumb Code     0  rk_config_moteur.o(.text)
    MOTEUR_GAUCHE_ARRIERE                    0x000003c1   Thumb Code     0  rk_config_moteur.o(.text)
    MOTEUR_GAUCHE_AVANT                      0x000003cb   Thumb Code     0  rk_config_moteur.o(.text)
    MOTEUR_DROIT_INVERSE                     0x000003d5   Thumb Code     0  rk_config_moteur.o(.text)
    MOTEUR_GAUCHE_INVERSE                    0x000003e1   Thumb Code     0  rk_config_moteur.o(.text)
    __main                                   0x0000045d   Thumb Code     0  rk_priseenmain_moteurs.o(.text)
    IO_INIT                                  0x0000070d   Thumb Code     0  rk_config_io.o(.text)
    LED1_ON                                  0x00000771   Thumb Code     0  rk_config_io.o(.text)
    LED1_OFF                                 0x0000077b   Thumb Code     0  rk_config_io.o(.text)
    LED2_ON                                  0x00000785   Thumb Code     0  rk_config_io.o(.text)
    LED2_OFF                                 0x0000078f   Thumb Code     0  rk_config_io.o(.text)
    ALL_LEDS_ON                              0x00000799   Thumb Code     0  rk_config_io.o(.text)
    ALL_LEDS_OFF                             0x000007a3   Thumb Code     0  rk_config_io.o(.text)
    LED_TOGGLE                               0x000007ad   Thumb Code     0  rk_config_io.o(.text)
    BUMPER_RIGHT_READ                        0x000007b9   Thumb Code     0  rk_config_io.o(.text)
    BUMPER_LEFT_READ                         0x000007cf   Thumb Code     0  rk_config_io.o(.text)
    SW1_READ                                 0x000007e5   Thumb Code     0  rk_config_io.o(.text)
    SW2_READ                                 0x000007fb   Thumb Code     0  rk_config_io.o(.text)
    MEMORY_INIT                              0x00000859   Thumb Code     0  rk_memory.o(.text)
    MEMORY_PUSH_FORWARD                      0x00000865   Thumb Code     0  rk_memory.o(.text)
    MEMORY_PUSH_PIVOT_LEFT                   0x0000088d   Thumb Code     0  rk_memory.o(.text)
    MEMORY_PUSH_PIVOT_RIGHT                  0x000008b7   Thumb Code     0  rk_memory.o(.text)
    MEMORY_GET_COUNT                         0x000008e1   Thumb Code     0  rk_memory.o(.text)
    MEMORY_IS_FULL                           0x000008e9   Thumb Code     0  rk_memory.o(.text)
    MEMORY_CLEAR                             0x000008ff   Thumb Code     0  rk_memory.o(.text)
    move_count                               0x20000000   Data           4  rk_memory.o(.data)
    __initial_sp                             0x20000108   Data           0  startup.o(STACK)



==============================================================================

Memory Map of the image

  Image Entry point : 0x0000026d

  Load Region LR_1 (Base: 0x00000000, Size: 0x00000918, Max: 0xffffffff, ABSOLUTE)

    Execution Region ER_RO (Exec base: 0x00000000, Load base: 0x00000000, Size: 0x00000914, Max: 0xffffffff, ABSOLUTE)

    Exec Addr    Load Addr    Size         Type   Attr      Idx    E Section Name        Object

    0x00000000   0x00000000   0x00000278   Code   RO           18  * RESET               startup.o
    0x00000278   0x00000278   0x000001e4   Code   RO            1  * .text               rk_config_moteur.o
    0x0000045c   0x0000045c   0x000002b0   Code   RO            6  * .text               rk_priseenmain_moteurs.o
    0x0000070c   0x0000070c   0x0000014c   Code   RO            9  * .text               rk_config_io.o
    0x00000858   0x00000858   0x000000bc   Code   RO           12  * .text               rk_memory.o


    Execution Region ER_RW (Exec base: 0x20000000, Load base: 0x00000914, Size: 0x00000004, Max: 0xffffffff, ABSOLUTE)

    Exec Addr    Load Addr    Size         Type   Attr      Idx    E Section Name        Object

    0x20000000   0x00000914   0x00000004   Data   RW           13    .data               rk_memory.o


    Execution Region ER_ZI (Exec base: 0x20000008, Load base: 0x00000918, Size: 0x00000100, Max: 0xffffffff, ABSOLUTE)

    Exec Addr    Load Addr    Size         Type   Attr      Idx    E Section Name        Object

    0x20000008        -       0x00000100   Zero   RW           16    STACK               startup.o


==============================================================================

Image component sizes


      Code (inc. data)   RO Data    RW Data    ZI Data      Debug   Object Name

       332         72          0          0          0        332   rk_config_io.o
       484        112          0          0          0        412   rk_config_moteur.o
       188         10          0          4          0        296   rk_memory.o
       688         16          0          0          0        464   rk_priseenmain_moteurs.o
       632        622          0          0        256        260   startup.o

    ----------------------------------------------------------------------
      2324        832          0          4        256       1764   Object Totals
         0          0          0          0          0          0   (incl. Generated)
         0          0          0          0          0          0   (incl. Padding)

    ----------------------------------------------------------------------
         0          0          0          0          0          0   Library Totals
         0          0          0          0          0          0   (incl. Padding)

    ----------------------------------------------------------------------

==============================================================================


      Code (inc. data)   RO Data    RW Data    ZI Data      Debug   

      2324        832          0          4        256       1764   Grand Totals
      2324        832          0          4        256       1764   ELF Image Totals
      2324        832          0          4          0          0   ROM Totals

==============================================================================

    Total RO  Size (Code + RO Data)                 2324 (   2.27kB)
    Total RW  Size (RW Data + ZI Data)               260 (   0.25kB)
    Total ROM Size (Code + RO Data + RW Data)       2328 (   2.27kB)

==============================================================================

